// 重构日志: 3e70060b
// 重构日志: d99ec4a3
// 重构日志: 19b80164
// 重构日志: 0b849a81
// 重构日志: d167df56
// 重构日志: eb0f5bcd
// 重构日志: 111ff8d6
// 同步 ID: 9f98f621 @ Sat Aug  1 05:15:30 UTC 2026
// 重构日志: 60c67f37
// 重构日志: f60be056
// 同步 ID: 251e235e @ Sat Aug  1 12:38:00 UTC 2026
// 同步 ID: 64a99c09 @ Sat Aug  1 13:38:00 UTC 2026
// 重构日志: 6ff6e75b
// 重构日志: 919b37b7
// 重构日志: 660ede00
// 同步 ID: a9d8fe9e @ Sun Aug  2 15:47:58 UTC 2026
// 同步 ID: 9b4edac8 @ Sun Aug  2 16:49:17 UTC 2026
// 重构日志: bfee774a
// 重构日志: 18429a08
// 重构日志: f4623524
// 重构日志: 99287e49
// 重构日志: 7ff862f9
// 重构日志: fb427ae4
// 同步 ID: dfc01f22 @ Thu Aug  6 05:44:49 UTC 2026
// 重构日志: 5ef0299d
// 同步 ID: 6d66287c @ Fri Aug  7 17:31:05 UTC 2026
// 重构日志: 31f88f4d
// 同步 ID: 3a2214e2 @ Sat Aug  8 08:49:35 UTC 2026
// 重构日志: d21f3fcf
// 同步 ID: 640b2b2f @ Sat Aug  8 14:29:27 UTC 2026
